04:27:22 **** Incremental Build of configuration Release for project AFP_3_Grupo_3_App_3.3 ****
make -j2 all 
arm-none-eabi-gcc "../Core/Src/main.c" -mcpu=cortex-m4 -std=gnu11 -DUSE_HAL_DRIVER -DSTM32F429xx -c -I../Core/Inc -I../Drivers/STM32F4xx_HAL_Driver/Inc -I../Drivers/STM32F4xx_HAL_Driver/Inc/Legacy -I../Drivers/CMSIS/Device/ST/STM32F4xx/Include -I../Drivers/CMSIS/Include -I"C:/Users/Estudiante.DESKTOP-5OVK98J/STM32CubeIDE/workspace_1.16.0/Grupo_3_TDII_2024/AFP_3_TDII_2024/AFP_3_Grupo_3_App_3.3/Drivers/API/Inc" -I"C:/Users/Estudiante.DESKTOP-5OVK98J/STM32CubeIDE/workspace_1.16.0/Grupo_3_TDII_2024/AFP_3_TDII_2024/AFP_3_Grupo_3_App_3.3/Drivers/API/Src" -Os -ffunction-sections -fdata-sections -Wall -fstack-usage -fcyclomatic-complexity -MMD -MP -MF"Core/Src/main.d" -MT"Core/Src/main.o" --specs=nano.specs -mfpu=fpv4-sp-d16 -mfloat-abi=hard -mthumb -o "Core/Src/main.o"
arm-none-eabi-gcc -o "AFP_3_Grupo_3_App_3.3.elf" @"objects.list"   -mcpu=cortex-m4 -T"C:\Users\Estudiante.DESKTOP-5OVK98J\STM32CubeIDE\workspace_1.16.0\Grupo_3_TDII_2024\AFP_3_TDII_2024\AFP_3_Grupo_3_App_3.3\STM32F429ZITX_FLASH.ld" --specs=nosys.specs -Wl,-Map="AFP_3_Grupo_3_App_3.3.map" -Wl,--gc-sections -static --specs=nano.specs -mfpu=fpv4-sp-d16 -mfloat-abi=hard -mthumb -Wl,--start-group -lc -lm -Wl,--end-group
Finished building target: AFP_3_Grupo_3_App_3.3.elf
 
arm-none-eabi-size  AFP_3_Grupo_3_App_3.3.elf 
arm-none-eabi-objdump -h -S AFP_3_Grupo_3_App_3.3.elf  > "AFP_3_Grupo_3_App_3.3.list"
   text	   data	    bss	    dec	    hex	filename
   7748	     12	   3452	  11212	   2bcc	AFP_3_Grupo_3_App_3.3.elf
Finished building: default.size.stdout
 
Finished building: AFP_3_Grupo_3_App_3.3.list
 
04:27:27 **** Incremental Build of configuration Release for project AFP_3_Grupo_3_App_3.3 ****
make -j2 all 
arm-none-eabi-size  AFP_3_Grupo_3_App_3.3.elf 
   text	   data	    bss	    dec	    hex	filename
   7748	     12	   3452	  11212	   2bcc	AFP_3_Grupo_3_App_3.3.elf
Finished building: default.size.stdout
 
