../Core/Src/main.c:80:5:main	24	static
../Core/Src/main.c:150:6:SystemClock_Config	88	static
../Core/Src/main.c:196:13:MX_ETH_Init	8	static
../Core/Src/main.c:245:13:MX_USART3_UART_Init	8	static
../Core/Src/main.c:278:13:MX_USB_OTG_FS_PCD_Init	8	static
../Core/Src/main.c:316:9:secuencia1	40	static
../Core/Src/main.c:346:9:secuencia2	40	static
../Core/Src/main.c:378:9:secuencia3	24	static
../Core/Src/main.c:402:9:secuencia4	32	static
../Core/Src/main.c:437:6:Error_Handler	4	static,ignoring_inline_asm
