14:46:18 **** Incremental Build of configuration Release for project AFP_5_TDII_2024 _STM32F401 ****
make -j4 all 
arm-none-eabi-gcc "../Drivers/API/Src/RADAR_SECUENCIAS.c" -mcpu=cortex-m4 -std=gnu11 -DUSE_HAL_DRIVER -DSTM32F401xC -c -I../Core/Inc -I../Drivers/STM32F4xx_HAL_Driver/Inc -I../Drivers/STM32F4xx_HAL_Driver/Inc/Legacy -I../Drivers/CMSIS/Device/ST/STM32F4xx/Include -I../Drivers/CMSIS/Include -I"C:/Users/EmanuelDecima/Desktop/Proyecto FinalTDII/Grupo_3_TDII_2024/AFP_5_TDII_2024 _STM32F401/Drivers/API" -I"C:/Users/EmanuelDecima/Desktop/Proyecto FinalTDII/Grupo_3_TDII_2024/AFP_5_TDII_2024 _STM32F401/Drivers/API/Src" -I"C:/Users/EmanuelDecima/Desktop/Proyecto FinalTDII/Grupo_3_TDII_2024/AFP_5_TDII_2024 _STM32F401/Drivers/API/Inc" -Os -ffunction-sections -fdata-sections -Wall -fstack-usage -fcyclomatic-complexity -MMD -MP -MF"Drivers/API/Src/RADAR_SECUENCIAS.d" -MT"Drivers/API/Src/RADAR_SECUENCIAS.o" --specs=nano.specs -mfpu=fpv4-sp-d16 -mfloat-abi=hard -mthumb -o "Drivers/API/Src/RADAR_SECUENCIAS.o"
arm-none-eabi-gcc -o "AFP_5_TDII_2024 _STM32F401.elf" @"objects.list"   -mcpu=cortex-m4 -T"C:\Users\EmanuelDecima\Desktop\Proyecto FinalTDII\Grupo_3_TDII_2024\AFP_5_TDII_2024 _STM32F401\STM32F401CCUX_FLASH.ld" --specs=nosys.specs -Wl,-Map="AFP_5_TDII_2024 _STM32F401.map" -Wl,--gc-sections -static --specs=nano.specs -mfpu=fpv4-sp-d16 -mfloat-abi=hard -mthumb -Wl,--start-group -lc -lm -Wl,--end-group
Finished building target: AFP_5_TDII_2024 _STM32F401.elf
 
arm-none-eabi-size  AFP_5_TDII_2024\ _STM32F401.elf 
arm-none-eabi-objdump -h -S AFP_5_TDII_2024\ _STM32F401.elf  > "AFP_5_TDII_2024 _STM32F401.list"
arm-none-eabi-objcopy  -O ihex AFP_5_TDII_2024\ _STM32F401.elf  "AFP_5_TDII_2024 _STM32F401.hex"
   text	   data	    bss	    dec	    hex	filename
  15068	     92	   2268	  17428	   4414	AFP_5_TDII_2024 _STM32F401.elf
Finished building: default.size.stdout
 
Finished building: AFP_5_TDII_2024 _STM32F401.hex
Finished building: AFP_5_TDII_2024 _STM32F401.list
 
 

14:46:21 Build Finished. 0 errors, 0 warnings. (took 2s.594ms)

