03:06:33 **** Incremental Build of configuration Release for project AFP_5_TDII_2024 ****
make -j4 all 
arm-none-eabi-gcc "../Core/Src/main.c" -mcpu=cortex-m4 -std=gnu11 -DUSE_HAL_DRIVER -DSTM32F429xx -c -I../Core/Inc -I../Drivers/STM32F4xx_HAL_Driver/Inc -I../Drivers/STM32F4xx_HAL_Driver/Inc/Legacy -I../Drivers/CMSIS/Device/ST/STM32F4xx/Include -I../Drivers/CMSIS/Include -I"C:/Users/EmanuelDecima/Desktop/Proyecto FinalTDII/Grupo_3_TDII_2024/AFP_5_TDII_2024/Drivers/API/Inc" -I"C:/Users/EmanuelDecima/Desktop/Proyecto FinalTDII/Grupo_3_TDII_2024/AFP_5_TDII_2024/Drivers/API/Src" -Os -ffunction-sections -fdata-sections -Wall -fstack-usage -fcyclomatic-complexity -MMD -MP -MF"Core/Src/main.d" -MT"Core/Src/main.o" --specs=nano.specs -mfpu=fpv4-sp-d16 -mfloat-abi=hard -mthumb -o "Core/Src/main.o"
arm-none-eabi-gcc -o "AFP_5_TDII_2024.elf" @"objects.list"   -mcpu=cortex-m4 -T"C:\Users\EmanuelDecima\Desktop\Proyecto FinalTDII\Grupo_3_TDII_2024\AFP_5_TDII_2024\STM32F429ZITX_FLASH.ld" --specs=nosys.specs -Wl,-Map="AFP_5_TDII_2024.map" -Wl,--gc-sections -static --specs=nano.specs -mfpu=fpv4-sp-d16 -mfloat-abi=hard -mthumb -Wl,--start-group -lc -lm -Wl,--end-group
Finished building target: AFP_5_TDII_2024.elf
 
arm-none-eabi-size  AFP_5_TDII_2024.elf 
arm-none-eabi-objdump -h -S AFP_5_TDII_2024.elf  > "AFP_5_TDII_2024.list"
   text	   data	    bss	    dec	    hex	filename
   9328	     12	   3196	  12536	   30f8	AFP_5_TDII_2024.elf
Finished building: default.size.stdout
 
Finished building: AFP_5_TDII_2024.list
 

03:06:37 Build Finished. 0 errors, 0 warnings. (took 3s.937ms)

