13:32:44 **** Build of configuration Release for project App_1_2_Grupo_3_2024 ****
make -j4 all 
arm-none-eabi-gcc "../Drivers/API/Src/API_GPIO.c" -mcpu=cortex-m4 -std=gnu11 -DUSE_HAL_DRIVER -DSTM32F429xx -c -I../Core/Inc -I../Drivers/STM32F4xx_HAL_Driver/Inc -I../Drivers/STM32F4xx_HAL_Driver/Inc/Legacy -I../Drivers/CMSIS/Device/ST/STM32F4xx/Include -I../Drivers/CMSIS/Include -I"C:/Users/emanu/STM32CubeIDE/Grupo_3_TDII_2024/App_1_2_Grupo_3_2024/Drivers/API/Inc" -I"C:/Users/emanu/STM32CubeIDE/Grupo_3_TDII_2024/App_1_2_Grupo_3_2024/Drivers/API/Src" -Os -ffunction-sections -fdata-sections -Wall -fstack-usage -fcyclomatic-complexity -MMD -MP -MF"Drivers/API/Src/API_GPIO.d" -MT"Drivers/API/Src/API_GPIO.o" --specs=nano.specs -mfpu=fpv4-sp-d16 -mfloat-abi=hard -mthumb -o "Drivers/API/Src/API_GPIO.o"
arm-none-eabi-gcc "../Core/Src/main.c" -mcpu=cortex-m4 -std=gnu11 -DUSE_HAL_DRIVER -DSTM32F429xx -c -I../Core/Inc -I../Drivers/STM32F4xx_HAL_Driver/Inc -I../Drivers/STM32F4xx_HAL_Driver/Inc/Legacy -I../Drivers/CMSIS/Device/ST/STM32F4xx/Include -I../Drivers/CMSIS/Include -I"C:/Users/emanu/STM32CubeIDE/Grupo_3_TDII_2024/App_1_2_Grupo_3_2024/Drivers/API/Inc" -I"C:/Users/emanu/STM32CubeIDE/Grupo_3_TDII_2024/App_1_2_Grupo_3_2024/Drivers/API/Src" -Os -ffunction-sections -fdata-sections -Wall -fstack-usage -fcyclomatic-complexity -MMD -MP -MF"Core/Src/main.d" -MT"Core/Src/main.o" --specs=nano.specs -mfpu=fpv4-sp-d16 -mfloat-abi=hard -mthumb -o "Core/Src/main.o"
arm-none-eabi-gcc -o "App_1_2_Grupo_3_2024.elf" @"objects.list"   -mcpu=cortex-m4 -T"C:\Users\emanu\STM32CubeIDE\Grupo_3_TDII_2024\App_1_2_Grupo_3_2024\STM32F429ZITX_FLASH.ld" --specs=nosys.specs -Wl,-Map="App_1_2_Grupo_3_2024.map" -Wl,--gc-sections -static --specs=nano.specs -mfpu=fpv4-sp-d16 -mfloat-abi=hard -mthumb -Wl,--start-group -lc -lm -Wl,--end-group
Finished building target: App_1_2_Grupo_3_2024.elf
 
arm-none-eabi-size  App_1_2_Grupo_3_2024.elf 
arm-none-eabi-objdump -h -S App_1_2_Grupo_3_2024.elf  > "App_1_2_Grupo_3_2024.list"
   text	   data	    bss	    dec	    hex	filename
   7612	     12	   3452	  11076	   2b44	App_1_2_Grupo_3_2024.elf
Finished building: default.size.stdout
 
Finished building: App_1_2_Grupo_3_2024.list
 

13:32:51 Build Finished. 0 errors, 0 warnings. (took 6s.686ms)

