make -j4 clean 
rm -rf ./Drivers/STM32F4xx_HAL_Driver/Src/stm32f4xx_hal.cyclo ./Drivers/STM32F4xx_HAL_Driver/Src/stm32f4xx_hal.d ./Drivers/STM32F4xx_HAL_Driver/Src/stm32f4xx_hal.o ./Drivers/STM32F4xx_HAL_Driver/Src/stm32f4xx_hal.su ./Drivers/STM32F4xx_HAL_Driver/Src/stm32f4xx_hal_cortex.cyclo ./Drivers/STM32F4xx_HAL_Driver/Src/stm32f4xx_hal_cortex.d ./Drivers/STM32F4xx_HAL_Driver/Src/stm32f4xx_hal_cortex.o ./Drivers/STM32F4xx_HAL_Driver/Src/stm32f4xx_hal_cortex.su ./Drivers/STM32F4xx_HAL_Driver/Src/stm32f4xx_hal_dma.cyclo ./Drivers/STM32F4xx_HAL_Driver/Src/stm32f4xx_hal_dma.d ./Drivers/STM32F4xx_HAL_Driver/Src/stm32f4xx_hal_dma.o ./Drivers/STM32F4xx_HAL_Driver/Src/stm32f4xx_hal_dma.su ./Drivers/STM32F4xx_HAL_Driver/Src/stm32f4xx_hal_dma_ex.cyclo ./Drivers/STM32F4xx_HAL_Driver/Src/stm32f4xx_hal_dma_ex.d ./Drivers/STM32F4xx_HAL_Driver/Src/stm32f4xx_hal_dma_ex.o ./Drivers/STM32F4xx_HAL_Driver/Src/stm32f4xx_hal_dma_ex.su ./Drivers/STM32F4xx_HAL_Driver/Src/stm32f4xx_hal_eth.cyclo ./Drivers/STM32F4xx_HAL_Driver/Src/stm32f4xx_hal_eth.d ./Drivers/STM32F4xx_HAL_Driver/Src/stm32f4xx_hal_eth.o ./Drivers/STM32F4xx_HAL_Driver/Src/stm32f4xx_hal_eth.su ./Drivers/STM32F4xx_HAL_Driver/Src/stm32f4xx_hal_exti.cyclo ./Drivers/STM32F4xx_HAL_Driver/Src/stm32f4xx_hal_exti.d ./Drivers/STM32F4xx_HAL_Driver/Src/stm32f4xx_hal_exti.o ./Drivers/STM32F4xx_HAL_Driver/Src/stm32f4xx_hal_exti.su ./Drivers/STM32F4xx_HAL_Driver/Src/stm32f4xx_hal_flash.cyclo ./Drivers/STM32F4xx_HAL_Driver/Src/stm32f4xx_hal_flash.d ./Drivers/STM32F4xx_HAL_Driver/Src/stm32f4xx_hal_flash.o ./Drivers/STM32F4xx_HAL_Driver/Src/stm32f4xx_hal_flash.su ./Drivers/STM32F4xx_HAL_Driver/Src/stm32f4xx_hal_flash_ex.cyclo ./Drivers/STM32F4xx_HAL_Driver/Src/stm32f4xx_hal_flash_ex.d ./Drivers/STM32F4xx_HAL_Driver/Src/stm32f4xx_hal_flash_ex.o ./Drivers/STM32F4xx_HAL_Driver/Src/stm32f4xx_hal_flash_ex.su ./Drivers/STM32F4xx_HAL_Driver/Src/stm32f4xx_hal_flash_ramfunc.cyclo ./Drivers/STM32F4xx_HAL_Driver/Src/stm32f4xx_hal_flash_ramfunc.d ./Drivers/STM32F4xx_HAL_Driver/Src/stm32f4xx_hal_flash_ramfunc.o ./Drivers/STM32F4xx_HAL_Driver/Src/stm32f4xx_hal_flash_ramfunc.su ./Drivers/STM32F4xx_HAL_Driver/Src/stm32f4xx_hal_gpio.cyclo ./Drivers/STM32F4xx_HAL_Driver/Src/stm32f4xx_hal_gpio.d ./Drivers/STM32F4xx_HAL_Driver/Src/stm32f4xx_hal_gpio.o ./Drivers/STM32F4xx_HAL_Driver/Src/stm32f4xx_hal_gpio.su ./Drivers/STM32F4xx_HAL_Driver/Src/stm32f4xx_hal_pcd.cyclo ./Drivers/STM32F4xx_HAL_Driver/Src/stm32f4xx_hal_pcd.d ./Drivers/STM32F4xx_HAL_Driver/Src/stm32f4xx_hal_pcd.o ./Drivers/STM32F4xx_HAL_Driver/Src/stm32f4xx_hal_pcd.su ./Drivers/STM32F4xx_HAL_Driver/Src/stm32f4xx_hal_pcd_ex.cyclo ./Drivers/STM32F4xx_HAL_Driver/Src/stm32f4xx_hal_pcd_ex.d ./Drivers/STM32F4xx_HAL_Driver/Src/stm32f4xx_hal_pcd_ex.o ./Drivers/STM32F4xx_HAL_Driver/Src/stm32f4xx_hal_pcd_ex.su ./Drivers/STM32F4xx_HAL_Driver/Src/stm32f4xx_hal_pwr.cyclo ./Drivers/STM32F4xx_HAL_Driver/Src/stm32f4xx_hal_pwr.d ./Drivers/STM32F4xx_HAL_Driver/Src/stm32f4xx_hal_pwr.o ./Drivers/STM32F4xx_HAL_Driver/Src/stm32f4xx_hal_pwr.su ./Drivers/STM32F4xx_HAL_Driver/Src/stm32f4xx_hal_pwr_ex.cyclo ./Drivers/STM32F4xx_HAL_Driver/Src/stm32f4xx_hal_pwr_ex.d ./Drivers/STM32F4xx_HAL_Driver/Src/stm32f4xx_hal_pwr_ex.o ./Drivers/STM32F4xx_HAL_Driver/Src/stm32f4xx_hal_pwr_ex.su ./Drivers/STM32F4xx_HAL_Driver/Src/stm32f4xx_hal_rcc.cyclo ./Drivers/STM32F4xx_HAL_Driver/Src/stm32f4xx_hal_rcc.d ./Drivers/STM32F4xx_HAL_Driver/Src/stm32f4xx_hal_rcc.o ./Drivers/STM32F4xx_HAL_Driver/Src/stm32f4xx_hal_rcc.su ./Drivers/STM32F4xx_HAL_Driver/Src/stm32f4xx_hal_rcc_ex.cyclo ./Drivers/STM32F4xx_HAL_Driver/Src/stm32f4xx_hal_rcc_ex.d ./Drivers/STM32F4xx_HAL_Driver/Src/stm32f4xx_hal_rcc_ex.o ./Drivers/STM32F4xx_HAL_Driver/Src/stm32f4xx_hal_rcc_ex.su ./Drivers/STM32F4xx_HAL_Driver/Src/stm32f4xx_hal_tim.cyclo ./Drivers/STM32F4xx_HAL_Driver/Src/stm32f4xx_hal_tim.d ./Drivers/STM32F4xx_HAL_Driver/Src/stm32f4xx_hal_tim.o ./Drivers/STM32F4xx_HAL_Driver/Src/stm32f4xx_hal_tim.su ./Drivers/STM32F4xx_HAL_Driver/Src/stm32f4xx_hal_tim_ex.cyclo ./Drivers/STM32F4xx_HAL_Driver/Src/stm32f4xx_hal_tim_ex.d ./Drivers/STM32F4xx_HAL_Driver/Src/stm32f4xx_hal_tim_ex.o ./Drivers/STM32F4xx_HAL_Driver/Src/stm32f4xx_hal_tim_ex.su ./Drivers/STM32F4xx_HAL_Driver/Src/stm32f4xx_hal_uart.cyclo ./Drivers/STM32F4xx_HAL_Driver/Src/stm32f4xx_hal_uart.d ./Drivers/STM32F4xx_HAL_Driver/Src/stm32f4xx_hal_uart.o ./Drivers/STM32F4xx_HAL_Driver/Src/stm32f4xx_hal_uart.su ./Drivers/STM32F4xx_HAL_Driver/Src/stm32f4xx_ll_usb.cyclo ./Drivers/STM32F4xx_HAL_Driver/Src/stm32f4xx_ll_usb.d ./Drivers/STM32F4xx_HAL_Driver/Src/stm32f4xx_ll_usb.o ./Drivers/STM32F4xx_HAL_Driver/Src/stm32f4xx_ll_usb.su
rm -rf ./Core/Startup/startup_stm32f429zitx.d ./Core/Startup/startup_stm32f429zitx.o
rm -rf ./Core/Src/main.cyclo ./Core/Src/main.d ./Core/Src/main.o ./Core/Src/main.su ./Core/Src/stm32f4xx_hal_msp.cyclo ./Core/Src/stm32f4xx_hal_msp.d ./Core/Src/stm32f4xx_hal_msp.o ./Core/Src/stm32f4xx_hal_msp.su ./Core/Src/stm32f4xx_it.cyclo ./Core/Src/stm32f4xx_it.d ./Core/Src/stm32f4xx_it.o ./Core/Src/stm32f4xx_it.su ./Core/Src/syscalls.cyclo ./Core/Src/syscalls.d ./Core/Src/syscalls.o ./Core/Src/syscalls.su ./Core/Src/sysmem.cyclo ./Core/Src/sysmem.d ./Core/Src/sysmem.o ./Core/Src/sysmem.su ./Core/Src/system_stm32f4xx.cyclo ./Core/Src/system_stm32f4xx.d ./Core/Src/system_stm32f4xx.o ./Core/Src/system_stm32f4xx.su
rm -rf App_1_3_Grupo_3_2024.elf App_1_3_Grupo_3_2024.list App_1_3_Grupo_3_2024.map default.size.stdout
 

13:55:20 Build Finished. 0 errors, 0 warnings. (took 9s.108ms)

13:55:21 **** Incremental Build of configuration Release for project App_1_3_Grupo_3_2024 ****
make -j4 all 
arm-none-eabi-gcc "../Drivers/STM32F4xx_HAL_Driver/Src/stm32f4xx_hal.c" -mcpu=cortex-m4 -std=gnu11 -DUSE_HAL_DRIVER -DSTM32F429xx -c -I../Core/Inc -I../Drivers/STM32F4xx_HAL_Driver/Inc -I../Drivers/STM32F4xx_HAL_Driver/Inc/Legacy -I../Drivers/CMSIS/Device/ST/STM32F4xx/Include -I../Drivers/CMSIS/Include -I"C:/Users/emanu/STM32CubeIDE/Grupo_3_TDII_2024/App_1_3_Grupo_3_2024/Drivers/API" -I"C:/Users/emanu/STM32CubeIDE/Grupo_3_TDII_2024/App_1_3_Grupo_3_2024/Drivers" -I"C:/Users/emanu/STM32CubeIDE/Grupo_3_TDII_2024/App_1_3_Grupo_3_2024/Drivers/API/Inc" -I"C:/Users/emanu/STM32CubeIDE/Grupo_3_TDII_2024/App_1_3_Grupo_3_2024/Drivers/API/Src" -Os -ffunction-sections -fdata-sections -Wall -fstack-usage -fcyclomatic-complexity -MMD -MP -MF"Drivers/STM32F4xx_HAL_Driver/Src/stm32f4xx_hal.d" -MT"Drivers/STM32F4xx_HAL_Driver/Src/stm32f4xx_hal.o" --specs=nano.specs -mfpu=fpv4-sp-d16 -mfloat-abi=hard -mthumb -o "Drivers/STM32F4xx_HAL_Driver/Src/stm32f4xx_hal.o"
arm-none-eabi-gcc "../Drivers/STM32F4xx_HAL_Driver/Src/stm32f4xx_hal_cortex.c" -mcpu=cortex-m4 -std=gnu11 -DUSE_HAL_DRIVER -DSTM32F429xx -c -I../Core/Inc -I../Drivers/STM32F4xx_HAL_Driver/Inc -I../Drivers/STM32F4xx_HAL_Driver/Inc/Legacy -I../Drivers/CMSIS/Device/ST/STM32F4xx/Include -I../Drivers/CMSIS/Include -I"C:/Users/emanu/STM32CubeIDE/Grupo_3_TDII_2024/App_1_3_Grupo_3_2024/Drivers/API" -I"C:/Users/emanu/STM32CubeIDE/Grupo_3_TDII_2024/App_1_3_Grupo_3_2024/Drivers" -I"C:/Users/emanu/STM32CubeIDE/Grupo_3_TDII_2024/App_1_3_Grupo_3_2024/Drivers/API/Inc" -I"C:/Users/emanu/STM32CubeIDE/Grupo_3_TDII_2024/App_1_3_Grupo_3_2024/Drivers/API/Src" -Os -ffunction-sections -fdata-sections -Wall -fstack-usage -fcyclomatic-complexity -MMD -MP -MF"Drivers/STM32F4xx_HAL_Driver/Src/stm32f4xx_hal_cortex.d" -MT"Drivers/STM32F4xx_HAL_Driver/Src/stm32f4xx_hal_cortex.o" --specs=nano.specs -mfpu=fpv4-sp-d16 -mfloat-abi=hard -mthumb -o "Drivers/STM32F4xx_HAL_Driver/Src/stm32f4xx_hal_cortex.o"
arm-none-eabi-gcc "../Drivers/STM32F4xx_HAL_Driver/Src/stm32f4xx_hal_dma.c" -mcpu=cortex-m4 -std=gnu11 -DUSE_HAL_DRIVER -DSTM32F429xx -c -I../Core/Inc -I../Drivers/STM32F4xx_HAL_Driver/Inc -I../Drivers/STM32F4xx_HAL_Driver/Inc/Legacy -I../Drivers/CMSIS/Device/ST/STM32F4xx/Include -I../Drivers/CMSIS/Include -I"C:/Users/emanu/STM32CubeIDE/Grupo_3_TDII_2024/App_1_3_Grupo_3_2024/Drivers/API" -I"C:/Users/emanu/STM32CubeIDE/Grupo_3_TDII_2024/App_1_3_Grupo_3_2024/Drivers" -I"C:/Users/emanu/STM32CubeIDE/Grupo_3_TDII_2024/App_1_3_Grupo_3_2024/Drivers/API/Inc" -I"C:/Users/emanu/STM32CubeIDE/Grupo_3_TDII_2024/App_1_3_Grupo_3_2024/Drivers/API/Src" -Os -ffunction-sections -fdata-sections -Wall -fstack-usage -fcyclomatic-complexity -MMD -MP -MF"Drivers/STM32F4xx_HAL_Driver/Src/stm32f4xx_hal_dma.d" -MT"Drivers/STM32F4xx_HAL_Driver/Src/stm32f4xx_hal_dma.o" --specs=nano.specs -mfpu=fpv4-sp-d16 -mfloat-abi=hard -mthumb -o "Drivers/STM32F4xx_HAL_Driver/Src/stm32f4xx_hal_dma.o"
arm-none-eabi-gcc "../Drivers/STM32F4xx_HAL_Driver/Src/stm32f4xx_hal_dma_ex.c" -mcpu=cortex-m4 -std=gnu11 -DUSE_HAL_DRIVER -DSTM32F429xx -c -I../Core/Inc -I../Drivers/STM32F4xx_HAL_Driver/Inc -I../Drivers/STM32F4xx_HAL_Driver/Inc/Legacy -I../Drivers/CMSIS/Device/ST/STM32F4xx/Include -I../Drivers/CMSIS/Include -I"C:/Users/emanu/STM32CubeIDE/Grupo_3_TDII_2024/App_1_3_Grupo_3_2024/Drivers/API" -I"C:/Users/emanu/STM32CubeIDE/Grupo_3_TDII_2024/App_1_3_Grupo_3_2024/Drivers" -I"C:/Users/emanu/STM32CubeIDE/Grupo_3_TDII_2024/App_1_3_Grupo_3_2024/Drivers/API/Inc" -I"C:/Users/emanu/STM32CubeIDE/Grupo_3_TDII_2024/App_1_3_Grupo_3_2024/Drivers/API/Src" -Os -ffunction-sections -fdata-sections -Wall -fstack-usage -fcyclomatic-complexity -MMD -MP -MF"Drivers/STM32F4xx_HAL_Driver/Src/stm32f4xx_hal_dma_ex.d" -MT"Drivers/STM32F4xx_HAL_Driver/Src/stm32f4xx_hal_dma_ex.o" --specs=nano.specs -mfpu=fpv4-sp-d16 -mfloat-abi=hard -mthumb -o "Drivers/STM32F4xx_HAL_Driver/Src/stm32f4xx_hal_dma_ex.o"
arm-none-eabi-gcc "../Drivers/STM32F4xx_HAL_Driver/Src/stm32f4xx_hal_eth.c" -mcpu=cortex-m4 -std=gnu11 -DUSE_HAL_DRIVER -DSTM32F429xx -c -I../Core/Inc -I../Drivers/STM32F4xx_HAL_Driver/Inc -I../Drivers/STM32F4xx_HAL_Driver/Inc/Legacy -I../Drivers/CMSIS/Device/ST/STM32F4xx/Include -I../Drivers/CMSIS/Include -I"C:/Users/emanu/STM32CubeIDE/Grupo_3_TDII_2024/App_1_3_Grupo_3_2024/Drivers/API" -I"C:/Users/emanu/STM32CubeIDE/Grupo_3_TDII_2024/App_1_3_Grupo_3_2024/Drivers" -I"C:/Users/emanu/STM32CubeIDE/Grupo_3_TDII_2024/App_1_3_Grupo_3_2024/Drivers/API/Inc" -I"C:/Users/emanu/STM32CubeIDE/Grupo_3_TDII_2024/App_1_3_Grupo_3_2024/Drivers/API/Src" -Os -ffunction-sections -fdata-sections -Wall -fstack-usage -fcyclomatic-complexity -MMD -MP -MF"Drivers/STM32F4xx_HAL_Driver/Src/stm32f4xx_hal_eth.d" -MT"Drivers/STM32F4xx_HAL_Driver/Src/stm32f4xx_hal_eth.o" --specs=nano.specs -mfpu=fpv4-sp-d16 -mfloat-abi=hard -mthumb -o "Drivers/STM32F4xx_HAL_Driver/Src/stm32f4xx_hal_eth.o"
arm-none-eabi-gcc "../Drivers/STM32F4xx_HAL_Driver/Src/stm32f4xx_hal_exti.c" -mcpu=cortex-m4 -std=gnu11 -DUSE_HAL_DRIVER -DSTM32F429xx -c -I../Core/Inc -I../Drivers/STM32F4xx_HAL_Driver/Inc -I../Drivers/STM32F4xx_HAL_Driver/Inc/Legacy -I../Drivers/CMSIS/Device/ST/STM32F4xx/Include -I../Drivers/CMSIS/Include -I"C:/Users/emanu/STM32CubeIDE/Grupo_3_TDII_2024/App_1_3_Grupo_3_2024/Drivers/API" -I"C:/Users/emanu/STM32CubeIDE/Grupo_3_TDII_2024/App_1_3_Grupo_3_2024/Drivers" -I"C:/Users/emanu/STM32CubeIDE/Grupo_3_TDII_2024/App_1_3_Grupo_3_2024/Drivers/API/Inc" -I"C:/Users/emanu/STM32CubeIDE/Grupo_3_TDII_2024/App_1_3_Grupo_3_2024/Drivers/API/Src" -Os -ffunction-sections -fdata-sections -Wall -fstack-usage -fcyclomatic-complexity -MMD -MP -MF"Drivers/STM32F4xx_HAL_Driver/Src/stm32f4xx_hal_exti.d" -MT"Drivers/STM32F4xx_HAL_Driver/Src/stm32f4xx_hal_exti.o" --specs=nano.specs -mfpu=fpv4-sp-d16 -mfloat-abi=hard -mthumb -o "Drivers/STM32F4xx_HAL_Driver/Src/stm32f4xx_hal_exti.o"
arm-none-eabi-gcc "../Drivers/STM32F4xx_HAL_Driver/Src/stm32f4xx_hal_flash.c" -mcpu=cortex-m4 -std=gnu11 -DUSE_HAL_DRIVER -DSTM32F429xx -c -I../Core/Inc -I../Drivers/STM32F4xx_HAL_Driver/Inc -I../Drivers/STM32F4xx_HAL_Driver/Inc/Legacy -I../Drivers/CMSIS/Device/ST/STM32F4xx/Include -I../Drivers/CMSIS/Include -I"C:/Users/emanu/STM32CubeIDE/Grupo_3_TDII_2024/App_1_3_Grupo_3_2024/Drivers/API" -I"C:/Users/emanu/STM32CubeIDE/Grupo_3_TDII_2024/App_1_3_Grupo_3_2024/Drivers" -I"C:/Users/emanu/STM32CubeIDE/Grupo_3_TDII_2024/App_1_3_Grupo_3_2024/Drivers/API/Inc" -I"C:/Users/emanu/STM32CubeIDE/Grupo_3_TDII_2024/App_1_3_Grupo_3_2024/Drivers/API/Src" -Os -ffunction-sections -fdata-sections -Wall -fstack-usage -fcyclomatic-complexity -MMD -MP -MF"Drivers/STM32F4xx_HAL_Driver/Src/stm32f4xx_hal_flash.d" -MT"Drivers/STM32F4xx_HAL_Driver/Src/stm32f4xx_hal_flash.o" --specs=nano.specs -mfpu=fpv4-sp-d16 -mfloat-abi=hard -mthumb -o "Drivers/STM32F4xx_HAL_Driver/Src/stm32f4xx_hal_flash.o"
arm-none-eabi-gcc "../Drivers/STM32F4xx_HAL_Driver/Src/stm32f4xx_hal_flash_ex.c" -mcpu=cortex-m4 -std=gnu11 -DUSE_HAL_DRIVER -DSTM32F429xx -c -I../Core/Inc -I../Drivers/STM32F4xx_HAL_Driver/Inc -I../Drivers/STM32F4xx_HAL_Driver/Inc/Legacy -I../Drivers/CMSIS/Device/ST/STM32F4xx/Include -I../Drivers/CMSIS/Include -I"C:/Users/emanu/STM32CubeIDE/Grupo_3_TDII_2024/App_1_3_Grupo_3_2024/Drivers/API" -I"C:/Users/emanu/STM32CubeIDE/Grupo_3_TDII_2024/App_1_3_Grupo_3_2024/Drivers" -I"C:/Users/emanu/STM32CubeIDE/Grupo_3_TDII_2024/App_1_3_Grupo_3_2024/Drivers/API/Inc" -I"C:/Users/emanu/STM32CubeIDE/Grupo_3_TDII_2024/App_1_3_Grupo_3_2024/Drivers/API/Src" -Os -ffunction-sections -fdata-sections -Wall -fstack-usage -fcyclomatic-complexity -MMD -MP -MF"Drivers/STM32F4xx_HAL_Driver/Src/stm32f4xx_hal_flash_ex.d" -MT"Drivers/STM32F4xx_HAL_Driver/Src/stm32f4xx_hal_flash_ex.o" --specs=nano.specs -mfpu=fpv4-sp-d16 -mfloat-abi=hard -mthumb -o "Drivers/STM32F4xx_HAL_Driver/Src/stm32f4xx_hal_flash_ex.o"
arm-none-eabi-gcc "../Drivers/STM32F4xx_HAL_Driver/Src/stm32f4xx_hal_flash_ramfunc.c" -mcpu=cortex-m4 -std=gnu11 -DUSE_HAL_DRIVER -DSTM32F429xx -c -I../Core/Inc -I../Drivers/STM32F4xx_HAL_Driver/Inc -I../Drivers/STM32F4xx_HAL_Driver/Inc/Legacy -I../Drivers/CMSIS/Device/ST/STM32F4xx/Include -I../Drivers/CMSIS/Include -I"C:/Users/emanu/STM32CubeIDE/Grupo_3_TDII_2024/App_1_3_Grupo_3_2024/Drivers/API" -I"C:/Users/emanu/STM32CubeIDE/Grupo_3_TDII_2024/App_1_3_Grupo_3_2024/Drivers" -I"C:/Users/emanu/STM32CubeIDE/Grupo_3_TDII_2024/App_1_3_Grupo_3_2024/Drivers/API/Inc" -I"C:/Users/emanu/STM32CubeIDE/Grupo_3_TDII_2024/App_1_3_Grupo_3_2024/Drivers/API/Src" -Os -ffunction-sections -fdata-sections -Wall -fstack-usage -fcyclomatic-complexity -MMD -MP -MF"Drivers/STM32F4xx_HAL_Driver/Src/stm32f4xx_hal_flash_ramfunc.d" -MT"Drivers/STM32F4xx_HAL_Driver/Src/stm32f4xx_hal_flash_ramfunc.o" --specs=nano.specs -mfpu=fpv4-sp-d16 -mfloat-abi=hard -mthumb -o "Drivers/STM32F4xx_HAL_Driver/Src/stm32f4xx_hal_flash_ramfunc.o"
arm-none-eabi-gcc "../Drivers/STM32F4xx_HAL_Driver/Src/stm32f4xx_hal_gpio.c" -mcpu=cortex-m4 -std=gnu11 -DUSE_HAL_DRIVER -DSTM32F429xx -c -I../Core/Inc -I../Drivers/STM32F4xx_HAL_Driver/Inc -I../Drivers/STM32F4xx_HAL_Driver/Inc/Legacy -I../Drivers/CMSIS/Device/ST/STM32F4xx/Include -I../Drivers/CMSIS/Include -I"C:/Users/emanu/STM32CubeIDE/Grupo_3_TDII_2024/App_1_3_Grupo_3_2024/Drivers/API" -I"C:/Users/emanu/STM32CubeIDE/Grupo_3_TDII_2024/App_1_3_Grupo_3_2024/Drivers" -I"C:/Users/emanu/STM32CubeIDE/Grupo_3_TDII_2024/App_1_3_Grupo_3_2024/Drivers/API/Inc" -I"C:/Users/emanu/STM32CubeIDE/Grupo_3_TDII_2024/App_1_3_Grupo_3_2024/Drivers/API/Src" -Os -ffunction-sections -fdata-sections -Wall -fstack-usage -fcyclomatic-complexity -MMD -MP -MF"Drivers/STM32F4xx_HAL_Driver/Src/stm32f4xx_hal_gpio.d" -MT"Drivers/STM32F4xx_HAL_Driver/Src/stm32f4xx_hal_gpio.o" --specs=nano.specs -mfpu=fpv4-sp-d16 -mfloat-abi=hard -mthumb -o "Drivers/STM32F4xx_HAL_Driver/Src/stm32f4xx_hal_gpio.o"
arm-none-eabi-gcc "../Drivers/STM32F4xx_HAL_Driver/Src/stm32f4xx_hal_pcd.c" -mcpu=cortex-m4 -std=gnu11 -DUSE_HAL_DRIVER -DSTM32F429xx -c -I../Core/Inc -I../Drivers/STM32F4xx_HAL_Driver/Inc -I../Drivers/STM32F4xx_HAL_Driver/Inc/Legacy -I../Drivers/CMSIS/Device/ST/STM32F4xx/Include -I../Drivers/CMSIS/Include -I"C:/Users/emanu/STM32CubeIDE/Grupo_3_TDII_2024/App_1_3_Grupo_3_2024/Drivers/API" -I"C:/Users/emanu/STM32CubeIDE/Grupo_3_TDII_2024/App_1_3_Grupo_3_2024/Drivers" -I"C:/Users/emanu/STM32CubeIDE/Grupo_3_TDII_2024/App_1_3_Grupo_3_2024/Drivers/API/Inc" -I"C:/Users/emanu/STM32CubeIDE/Grupo_3_TDII_2024/App_1_3_Grupo_3_2024/Drivers/API/Src" -Os -ffunction-sections -fdata-sections -Wall -fstack-usage -fcyclomatic-complexity -MMD -MP -MF"Drivers/STM32F4xx_HAL_Driver/Src/stm32f4xx_hal_pcd.d" -MT"Drivers/STM32F4xx_HAL_Driver/Src/stm32f4xx_hal_pcd.o" --specs=nano.specs -mfpu=fpv4-sp-d16 -mfloat-abi=hard -mthumb -o "Drivers/STM32F4xx_HAL_Driver/Src/stm32f4xx_hal_pcd.o"
arm-none-eabi-gcc "../Drivers/STM32F4xx_HAL_Driver/Src/stm32f4xx_hal_pcd_ex.c" -mcpu=cortex-m4 -std=gnu11 -DUSE_HAL_DRIVER -DSTM32F429xx -c -I../Core/Inc -I../Drivers/STM32F4xx_HAL_Driver/Inc -I../Drivers/STM32F4xx_HAL_Driver/Inc/Legacy -I../Drivers/CMSIS/Device/ST/STM32F4xx/Include -I../Drivers/CMSIS/Include -I"C:/Users/emanu/STM32CubeIDE/Grupo_3_TDII_2024/App_1_3_Grupo_3_2024/Drivers/API" -I"C:/Users/emanu/STM32CubeIDE/Grupo_3_TDII_2024/App_1_3_Grupo_3_2024/Drivers" -I"C:/Users/emanu/STM32CubeIDE/Grupo_3_TDII_2024/App_1_3_Grupo_3_2024/Drivers/API/Inc" -I"C:/Users/emanu/STM32CubeIDE/Grupo_3_TDII_2024/App_1_3_Grupo_3_2024/Drivers/API/Src" -Os -ffunction-sections -fdata-sections -Wall -fstack-usage -fcyclomatic-complexity -MMD -MP -MF"Drivers/STM32F4xx_HAL_Driver/Src/stm32f4xx_hal_pcd_ex.d" -MT"Drivers/STM32F4xx_HAL_Driver/Src/stm32f4xx_hal_pcd_ex.o" --specs=nano.specs -mfpu=fpv4-sp-d16 -mfloat-abi=hard -mthumb -o "Drivers/STM32F4xx_HAL_Driver/Src/stm32f4xx_hal_pcd_ex.o"
arm-none-eabi-gcc "../Drivers/STM32F4xx_HAL_Driver/Src/stm32f4xx_hal_pwr.c" -mcpu=cortex-m4 -std=gnu11 -DUSE_HAL_DRIVER -DSTM32F429xx -c -I../Core/Inc -I../Drivers/STM32F4xx_HAL_Driver/Inc -I../Drivers/STM32F4xx_HAL_Driver/Inc/Legacy -I../Drivers/CMSIS/Device/ST/STM32F4xx/Include -I../Drivers/CMSIS/Include -I"C:/Users/emanu/STM32CubeIDE/Grupo_3_TDII_2024/App_1_3_Grupo_3_2024/Drivers/API" -I"C:/Users/emanu/STM32CubeIDE/Grupo_3_TDII_2024/App_1_3_Grupo_3_2024/Drivers" -I"C:/Users/emanu/STM32CubeIDE/Grupo_3_TDII_2024/App_1_3_Grupo_3_2024/Drivers/API/Inc" -I"C:/Users/emanu/STM32CubeIDE/Grupo_3_TDII_2024/App_1_3_Grupo_3_2024/Drivers/API/Src" -Os -ffunction-sections -fdata-sections -Wall -fstack-usage -fcyclomatic-complexity -MMD -MP -MF"Drivers/STM32F4xx_HAL_Driver/Src/stm32f4xx_hal_pwr.d" -MT"Drivers/STM32F4xx_HAL_Driver/Src/stm32f4xx_hal_pwr.o" --specs=nano.specs -mfpu=fpv4-sp-d16 -mfloat-abi=hard -mthumb -o "Drivers/STM32F4xx_HAL_Driver/Src/stm32f4xx_hal_pwr.o"
arm-none-eabi-gcc "../Drivers/STM32F4xx_HAL_Driver/Src/stm32f4xx_hal_pwr_ex.c" -mcpu=cortex-m4 -std=gnu11 -DUSE_HAL_DRIVER -DSTM32F429xx -c -I../Core/Inc -I../Drivers/STM32F4xx_HAL_Driver/Inc -I../Drivers/STM32F4xx_HAL_Driver/Inc/Legacy -I../Drivers/CMSIS/Device/ST/STM32F4xx/Include -I../Drivers/CMSIS/Include -I"C:/Users/emanu/STM32CubeIDE/Grupo_3_TDII_2024/App_1_3_Grupo_3_2024/Drivers/API" -I"C:/Users/emanu/STM32CubeIDE/Grupo_3_TDII_2024/App_1_3_Grupo_3_2024/Drivers" -I"C:/Users/emanu/STM32CubeIDE/Grupo_3_TDII_2024/App_1_3_Grupo_3_2024/Drivers/API/Inc" -I"C:/Users/emanu/STM32CubeIDE/Grupo_3_TDII_2024/App_1_3_Grupo_3_2024/Drivers/API/Src" -Os -ffunction-sections -fdata-sections -Wall -fstack-usage -fcyclomatic-complexity -MMD -MP -MF"Drivers/STM32F4xx_HAL_Driver/Src/stm32f4xx_hal_pwr_ex.d" -MT"Drivers/STM32F4xx_HAL_Driver/Src/stm32f4xx_hal_pwr_ex.o" --specs=nano.specs -mfpu=fpv4-sp-d16 -mfloat-abi=hard -mthumb -o "Drivers/STM32F4xx_HAL_Driver/Src/stm32f4xx_hal_pwr_ex.o"
arm-none-eabi-gcc "../Drivers/STM32F4xx_HAL_Driver/Src/stm32f4xx_hal_rcc.c" -mcpu=cortex-m4 -std=gnu11 -DUSE_HAL_DRIVER -DSTM32F429xx -c -I../Core/Inc -I../Drivers/STM32F4xx_HAL_Driver/Inc -I../Drivers/STM32F4xx_HAL_Driver/Inc/Legacy -I../Drivers/CMSIS/Device/ST/STM32F4xx/Include -I../Drivers/CMSIS/Include -I"C:/Users/emanu/STM32CubeIDE/Grupo_3_TDII_2024/App_1_3_Grupo_3_2024/Drivers/API" -I"C:/Users/emanu/STM32CubeIDE/Grupo_3_TDII_2024/App_1_3_Grupo_3_2024/Drivers" -I"C:/Users/emanu/STM32CubeIDE/Grupo_3_TDII_2024/App_1_3_Grupo_3_2024/Drivers/API/Inc" -I"C:/Users/emanu/STM32CubeIDE/Grupo_3_TDII_2024/App_1_3_Grupo_3_2024/Drivers/API/Src" -Os -ffunction-sections -fdata-sections -Wall -fstack-usage -fcyclomatic-complexity -MMD -MP -MF"Drivers/STM32F4xx_HAL_Driver/Src/stm32f4xx_hal_rcc.d" -MT"Drivers/STM32F4xx_HAL_Driver/Src/stm32f4xx_hal_rcc.o" --specs=nano.specs -mfpu=fpv4-sp-d16 -mfloat-abi=hard -mthumb -o "Drivers/STM32F4xx_HAL_Driver/Src/stm32f4xx_hal_rcc.o"
arm-none-eabi-gcc "../Drivers/STM32F4xx_HAL_Driver/Src/stm32f4xx_hal_rcc_ex.c" -mcpu=cortex-m4 -std=gnu11 -DUSE_HAL_DRIVER -DSTM32F429xx -c -I../Core/Inc -I../Drivers/STM32F4xx_HAL_Driver/Inc -I../Drivers/STM32F4xx_HAL_Driver/Inc/Legacy -I../Drivers/CMSIS/Device/ST/STM32F4xx/Include -I../Drivers/CMSIS/Include -I"C:/Users/emanu/STM32CubeIDE/Grupo_3_TDII_2024/App_1_3_Grupo_3_2024/Drivers/API" -I"C:/Users/emanu/STM32CubeIDE/Grupo_3_TDII_2024/App_1_3_Grupo_3_2024/Drivers" -I"C:/Users/emanu/STM32CubeIDE/Grupo_3_TDII_2024/App_1_3_Grupo_3_2024/Drivers/API/Inc" -I"C:/Users/emanu/STM32CubeIDE/Grupo_3_TDII_2024/App_1_3_Grupo_3_2024/Drivers/API/Src" -Os -ffunction-sections -fdata-sections -Wall -fstack-usage -fcyclomatic-complexity -MMD -MP -MF"Drivers/STM32F4xx_HAL_Driver/Src/stm32f4xx_hal_rcc_ex.d" -MT"Drivers/STM32F4xx_HAL_Driver/Src/stm32f4xx_hal_rcc_ex.o" --specs=nano.specs -mfpu=fpv4-sp-d16 -mfloat-abi=hard -mthumb -o "Drivers/STM32F4xx_HAL_Driver/Src/stm32f4xx_hal_rcc_ex.o"
arm-none-eabi-gcc "../Drivers/STM32F4xx_HAL_Driver/Src/stm32f4xx_hal_tim.c" -mcpu=cortex-m4 -std=gnu11 -DUSE_HAL_DRIVER -DSTM32F429xx -c -I../Core/Inc -I../Drivers/STM32F4xx_HAL_Driver/Inc -I../Drivers/STM32F4xx_HAL_Driver/Inc/Legacy -I../Drivers/CMSIS/Device/ST/STM32F4xx/Include -I../Drivers/CMSIS/Include -I"C:/Users/emanu/STM32CubeIDE/Grupo_3_TDII_2024/App_1_3_Grupo_3_2024/Drivers/API" -I"C:/Users/emanu/STM32CubeIDE/Grupo_3_TDII_2024/App_1_3_Grupo_3_2024/Drivers" -I"C:/Users/emanu/STM32CubeIDE/Grupo_3_TDII_2024/App_1_3_Grupo_3_2024/Drivers/API/Inc" -I"C:/Users/emanu/STM32CubeIDE/Grupo_3_TDII_2024/App_1_3_Grupo_3_2024/Drivers/API/Src" -Os -ffunction-sections -fdata-sections -Wall -fstack-usage -fcyclomatic-complexity -MMD -MP -MF"Drivers/STM32F4xx_HAL_Driver/Src/stm32f4xx_hal_tim.d" -MT"Drivers/STM32F4xx_HAL_Driver/Src/stm32f4xx_hal_tim.o" --specs=nano.specs -mfpu=fpv4-sp-d16 -mfloat-abi=hard -mthumb -o "Drivers/STM32F4xx_HAL_Driver/Src/stm32f4xx_hal_tim.o"
arm-none-eabi-gcc "../Drivers/STM32F4xx_HAL_Driver/Src/stm32f4xx_hal_tim_ex.c" -mcpu=cortex-m4 -std=gnu11 -DUSE_HAL_DRIVER -DSTM32F429xx -c -I../Core/Inc -I../Drivers/STM32F4xx_HAL_Driver/Inc -I../Drivers/STM32F4xx_HAL_Driver/Inc/Legacy -I../Drivers/CMSIS/Device/ST/STM32F4xx/Include -I../Drivers/CMSIS/Include -I"C:/Users/emanu/STM32CubeIDE/Grupo_3_TDII_2024/App_1_3_Grupo_3_2024/Drivers/API" -I"C:/Users/emanu/STM32CubeIDE/Grupo_3_TDII_2024/App_1_3_Grupo_3_2024/Drivers" -I"C:/Users/emanu/STM32CubeIDE/Grupo_3_TDII_2024/App_1_3_Grupo_3_2024/Drivers/API/Inc" -I"C:/Users/emanu/STM32CubeIDE/Grupo_3_TDII_2024/App_1_3_Grupo_3_2024/Drivers/API/Src" -Os -ffunction-sections -fdata-sections -Wall -fstack-usage -fcyclomatic-complexity -MMD -MP -MF"Drivers/STM32F4xx_HAL_Driver/Src/stm32f4xx_hal_tim_ex.d" -MT"Drivers/STM32F4xx_HAL_Driver/Src/stm32f4xx_hal_tim_ex.o" --specs=nano.specs -mfpu=fpv4-sp-d16 -mfloat-abi=hard -mthumb -o "Drivers/STM32F4xx_HAL_Driver/Src/stm32f4xx_hal_tim_ex.o"
arm-none-eabi-gcc "../Drivers/STM32F4xx_HAL_Driver/Src/stm32f4xx_hal_uart.c" -mcpu=cortex-m4 -std=gnu11 -DUSE_HAL_DRIVER -DSTM32F429xx -c -I../Core/Inc -I../Drivers/STM32F4xx_HAL_Driver/Inc -I../Drivers/STM32F4xx_HAL_Driver/Inc/Legacy -I../Drivers/CMSIS/Device/ST/STM32F4xx/Include -I../Drivers/CMSIS/Include -I"C:/Users/emanu/STM32CubeIDE/Grupo_3_TDII_2024/App_1_3_Grupo_3_2024/Drivers/API" -I"C:/Users/emanu/STM32CubeIDE/Grupo_3_TDII_2024/App_1_3_Grupo_3_2024/Drivers" -I"C:/Users/emanu/STM32CubeIDE/Grupo_3_TDII_2024/App_1_3_Grupo_3_2024/Drivers/API/Inc" -I"C:/Users/emanu/STM32CubeIDE/Grupo_3_TDII_2024/App_1_3_Grupo_3_2024/Drivers/API/Src" -Os -ffunction-sections -fdata-sections -Wall -fstack-usage -fcyclomatic-complexity -MMD -MP -MF"Drivers/STM32F4xx_HAL_Driver/Src/stm32f4xx_hal_uart.d" -MT"Drivers/STM32F4xx_HAL_Driver/Src/stm32f4xx_hal_uart.o" --specs=nano.specs -mfpu=fpv4-sp-d16 -mfloat-abi=hard -mthumb -o "Drivers/STM32F4xx_HAL_Driver/Src/stm32f4xx_hal_uart.o"
arm-none-eabi-gcc "../Drivers/STM32F4xx_HAL_Driver/Src/stm32f4xx_ll_usb.c" -mcpu=cortex-m4 -std=gnu11 -DUSE_HAL_DRIVER -DSTM32F429xx -c -I../Core/Inc -I../Drivers/STM32F4xx_HAL_Driver/Inc -I../Drivers/STM32F4xx_HAL_Driver/Inc/Legacy -I../Drivers/CMSIS/Device/ST/STM32F4xx/Include -I../Drivers/CMSIS/Include -I"C:/Users/emanu/STM32CubeIDE/Grupo_3_TDII_2024/App_1_3_Grupo_3_2024/Drivers/API" -I"C:/Users/emanu/STM32CubeIDE/Grupo_3_TDII_2024/App_1_3_Grupo_3_2024/Drivers" -I"C:/Users/emanu/STM32CubeIDE/Grupo_3_TDII_2024/App_1_3_Grupo_3_2024/Drivers/API/Inc" -I"C:/Users/emanu/STM32CubeIDE/Grupo_3_TDII_2024/App_1_3_Grupo_3_2024/Drivers/API/Src" -Os -ffunction-sections -fdata-sections -Wall -fstack-usage -fcyclomatic-complexity -MMD -MP -MF"Drivers/STM32F4xx_HAL_Driver/Src/stm32f4xx_ll_usb.d" -MT"Drivers/STM32F4xx_HAL_Driver/Src/stm32f4xx_ll_usb.o" --specs=nano.specs -mfpu=fpv4-sp-d16 -mfloat-abi=hard -mthumb -o "Drivers/STM32F4xx_HAL_Driver/Src/stm32f4xx_ll_usb.o"
arm-none-eabi-gcc "../Drivers/API/Src/API_GPIO.c" -mcpu=cortex-m4 -std=gnu11 -DUSE_HAL_DRIVER -DSTM32F429xx -c -I../Core/Inc -I../Drivers/STM32F4xx_HAL_Driver/Inc -I../Drivers/STM32F4xx_HAL_Driver/Inc/Legacy -I../Drivers/CMSIS/Device/ST/STM32F4xx/Include -I../Drivers/CMSIS/Include -I"C:/Users/emanu/STM32CubeIDE/Grupo_3_TDII_2024/App_1_3_Grupo_3_2024/Drivers/API" -I"C:/Users/emanu/STM32CubeIDE/Grupo_3_TDII_2024/App_1_3_Grupo_3_2024/Drivers" -I"C:/Users/emanu/STM32CubeIDE/Grupo_3_TDII_2024/App_1_3_Grupo_3_2024/Drivers/API/Inc" -I"C:/Users/emanu/STM32CubeIDE/Grupo_3_TDII_2024/App_1_3_Grupo_3_2024/Drivers/API/Src" -Os -ffunction-sections -fdata-sections -Wall -fstack-usage -fcyclomatic-complexity -MMD -MP -MF"Drivers/API/Src/API_GPIO.d" -MT"Drivers/API/Src/API_GPIO.o" --specs=nano.specs -mfpu=fpv4-sp-d16 -mfloat-abi=hard -mthumb -o "Drivers/API/Src/API_GPIO.o"
arm-none-eabi-gcc -mcpu=cortex-m4 -c -I"C:/Users/emanu/STM32CubeIDE/Grupo_3_TDII_2024/App_1_3_Grupo_3_2024/Drivers/API" -I"C:/Users/emanu/STM32CubeIDE/Grupo_3_TDII_2024/App_1_3_Grupo_3_2024/Drivers" -I"C:/Users/emanu/STM32CubeIDE/Grupo_3_TDII_2024/App_1_3_Grupo_3_2024/Drivers/API/Inc" -I"C:/Users/emanu/STM32CubeIDE/Grupo_3_TDII_2024/App_1_3_Grupo_3_2024/Drivers/API/Src" -x assembler-with-cpp -MMD -MP -MF"Core/Startup/startup_stm32f429zitx.d" -MT"Core/Startup/startup_stm32f429zitx.o" --specs=nano.specs -mfpu=fpv4-sp-d16 -mfloat-abi=hard -mthumb -o "Core/Startup/startup_stm32f429zitx.o" "../Core/Startup/startup_stm32f429zitx.s"
arm-none-eabi-gcc "../Core/Src/main.c" -mcpu=cortex-m4 -std=gnu11 -DUSE_HAL_DRIVER -DSTM32F429xx -c -I../Core/Inc -I../Drivers/STM32F4xx_HAL_Driver/Inc -I../Drivers/STM32F4xx_HAL_Driver/Inc/Legacy -I../Drivers/CMSIS/Device/ST/STM32F4xx/Include -I../Drivers/CMSIS/Include -I"C:/Users/emanu/STM32CubeIDE/Grupo_3_TDII_2024/App_1_3_Grupo_3_2024/Drivers/API" -I"C:/Users/emanu/STM32CubeIDE/Grupo_3_TDII_2024/App_1_3_Grupo_3_2024/Drivers" -I"C:/Users/emanu/STM32CubeIDE/Grupo_3_TDII_2024/App_1_3_Grupo_3_2024/Drivers/API/Inc" -I"C:/Users/emanu/STM32CubeIDE/Grupo_3_TDII_2024/App_1_3_Grupo_3_2024/Drivers/API/Src" -Os -ffunction-sections -fdata-sections -Wall -fstack-usage -fcyclomatic-complexity -MMD -MP -MF"Core/Src/main.d" -MT"Core/Src/main.o" --specs=nano.specs -mfpu=fpv4-sp-d16 -mfloat-abi=hard -mthumb -o "Core/Src/main.o"
arm-none-eabi-gcc "../Core/Src/stm32f4xx_hal_msp.c" -mcpu=cortex-m4 -std=gnu11 -DUSE_HAL_DRIVER -DSTM32F429xx -c -I../Core/Inc -I../Drivers/STM32F4xx_HAL_Driver/Inc -I../Drivers/STM32F4xx_HAL_Driver/Inc/Legacy -I../Drivers/CMSIS/Device/ST/STM32F4xx/Include -I../Drivers/CMSIS/Include -I"C:/Users/emanu/STM32CubeIDE/Grupo_3_TDII_2024/App_1_3_Grupo_3_2024/Drivers/API" -I"C:/Users/emanu/STM32CubeIDE/Grupo_3_TDII_2024/App_1_3_Grupo_3_2024/Drivers" -I"C:/Users/emanu/STM32CubeIDE/Grupo_3_TDII_2024/App_1_3_Grupo_3_2024/Drivers/API/Inc" -I"C:/Users/emanu/STM32CubeIDE/Grupo_3_TDII_2024/App_1_3_Grupo_3_2024/Drivers/API/Src" -Os -ffunction-sections -fdata-sections -Wall -fstack-usage -fcyclomatic-complexity -MMD -MP -MF"Core/Src/stm32f4xx_hal_msp.d" -MT"Core/Src/stm32f4xx_hal_msp.o" --specs=nano.specs -mfpu=fpv4-sp-d16 -mfloat-abi=hard -mthumb -o "Core/Src/stm32f4xx_hal_msp.o"
../Core/Src/main.c: In function 'secuencia3':
../Core/Src/main.c:389:25: warning: implicit declaration of function 'toggleLed'; did you mean 'toggleLed_GPIO'? [-Wimplicit-function-declaration]
  389 |                         toggleLed(vector_Pin_LEDs[0]);
      |                         ^~~~~~~~~
      |                         toggleLed_GPIO
arm-none-eabi-gcc "../Core/Src/stm32f4xx_it.c" -mcpu=cortex-m4 -std=gnu11 -DUSE_HAL_DRIVER -DSTM32F429xx -c -I../Core/Inc -I../Drivers/STM32F4xx_HAL_Driver/Inc -I../Drivers/STM32F4xx_HAL_Driver/Inc/Legacy -I../Drivers/CMSIS/Device/ST/STM32F4xx/Include -I../Drivers/CMSIS/Include -I"C:/Users/emanu/STM32CubeIDE/Grupo_3_TDII_2024/App_1_3_Grupo_3_2024/Drivers/API" -I"C:/Users/emanu/STM32CubeIDE/Grupo_3_TDII_2024/App_1_3_Grupo_3_2024/Drivers" -I"C:/Users/emanu/STM32CubeIDE/Grupo_3_TDII_2024/App_1_3_Grupo_3_2024/Drivers/API/Inc" -I"C:/Users/emanu/STM32CubeIDE/Grupo_3_TDII_2024/App_1_3_Grupo_3_2024/Drivers/API/Src" -Os -ffunction-sections -fdata-sections -Wall -fstack-usage -fcyclomatic-complexity -MMD -MP -MF"Core/Src/stm32f4xx_it.d" -MT"Core/Src/stm32f4xx_it.o" --specs=nano.specs -mfpu=fpv4-sp-d16 -mfloat-abi=hard -mthumb -o "Core/Src/stm32f4xx_it.o"
arm-none-eabi-gcc "../Core/Src/syscalls.c" -mcpu=cortex-m4 -std=gnu11 -DUSE_HAL_DRIVER -DSTM32F429xx -c -I../Core/Inc -I../Drivers/STM32F4xx_HAL_Driver/Inc -I../Drivers/STM32F4xx_HAL_Driver/Inc/Legacy -I../Drivers/CMSIS/Device/ST/STM32F4xx/Include -I../Drivers/CMSIS/Include -I"C:/Users/emanu/STM32CubeIDE/Grupo_3_TDII_2024/App_1_3_Grupo_3_2024/Drivers/API" -I"C:/Users/emanu/STM32CubeIDE/Grupo_3_TDII_2024/App_1_3_Grupo_3_2024/Drivers" -I"C:/Users/emanu/STM32CubeIDE/Grupo_3_TDII_2024/App_1_3_Grupo_3_2024/Drivers/API/Inc" -I"C:/Users/emanu/STM32CubeIDE/Grupo_3_TDII_2024/App_1_3_Grupo_3_2024/Drivers/API/Src" -Os -ffunction-sections -fdata-sections -Wall -fstack-usage -fcyclomatic-complexity -MMD -MP -MF"Core/Src/syscalls.d" -MT"Core/Src/syscalls.o" --specs=nano.specs -mfpu=fpv4-sp-d16 -mfloat-abi=hard -mthumb -o "Core/Src/syscalls.o"
arm-none-eabi-gcc "../Core/Src/sysmem.c" -mcpu=cortex-m4 -std=gnu11 -DUSE_HAL_DRIVER -DSTM32F429xx -c -I../Core/Inc -I../Drivers/STM32F4xx_HAL_Driver/Inc -I../Drivers/STM32F4xx_HAL_Driver/Inc/Legacy -I../Drivers/CMSIS/Device/ST/STM32F4xx/Include -I../Drivers/CMSIS/Include -I"C:/Users/emanu/STM32CubeIDE/Grupo_3_TDII_2024/App_1_3_Grupo_3_2024/Drivers/API" -I"C:/Users/emanu/STM32CubeIDE/Grupo_3_TDII_2024/App_1_3_Grupo_3_2024/Drivers" -I"C:/Users/emanu/STM32CubeIDE/Grupo_3_TDII_2024/App_1_3_Grupo_3_2024/Drivers/API/Inc" -I"C:/Users/emanu/STM32CubeIDE/Grupo_3_TDII_2024/App_1_3_Grupo_3_2024/Drivers/API/Src" -Os -ffunction-sections -fdata-sections -Wall -fstack-usage -fcyclomatic-complexity -MMD -MP -MF"Core/Src/sysmem.d" -MT"Core/Src/sysmem.o" --specs=nano.specs -mfpu=fpv4-sp-d16 -mfloat-abi=hard -mthumb -o "Core/Src/sysmem.o"
arm-none-eabi-gcc "../Core/Src/system_stm32f4xx.c" -mcpu=cortex-m4 -std=gnu11 -DUSE_HAL_DRIVER -DSTM32F429xx -c -I../Core/Inc -I../Drivers/STM32F4xx_HAL_Driver/Inc -I../Drivers/STM32F4xx_HAL_Driver/Inc/Legacy -I../Drivers/CMSIS/Device/ST/STM32F4xx/Include -I../Drivers/CMSIS/Include -I"C:/Users/emanu/STM32CubeIDE/Grupo_3_TDII_2024/App_1_3_Grupo_3_2024/Drivers/API" -I"C:/Users/emanu/STM32CubeIDE/Grupo_3_TDII_2024/App_1_3_Grupo_3_2024/Drivers" -I"C:/Users/emanu/STM32CubeIDE/Grupo_3_TDII_2024/App_1_3_Grupo_3_2024/Drivers/API/Inc" -I"C:/Users/emanu/STM32CubeIDE/Grupo_3_TDII_2024/App_1_3_Grupo_3_2024/Drivers/API/Src" -Os -ffunction-sections -fdata-sections -Wall -fstack-usage -fcyclomatic-complexity -MMD -MP -MF"Core/Src/system_stm32f4xx.d" -MT"Core/Src/system_stm32f4xx.o" --specs=nano.specs -mfpu=fpv4-sp-d16 -mfloat-abi=hard -mthumb -o "Core/Src/system_stm32f4xx.o"
arm-none-eabi-gcc -o "App_1_3_Grupo_3_2024.elf" @"objects.list"   -mcpu=cortex-m4 -T"C:\Users\emanu\STM32CubeIDE\Grupo_3_TDII_2024\App_1_3_Grupo_3_2024\STM32F429ZITX_FLASH.ld" --specs=nosys.specs -Wl,-Map="App_1_3_Grupo_3_2024.map" -Wl,--gc-sections -static --specs=nano.specs -mfpu=fpv4-sp-d16 -mfloat-abi=hard -mthumb -Wl,--start-group -lc -lm -Wl,--end-group
Finished building target: App_1_3_Grupo_3_2024.elf
 
arm-none-eabi-size  App_1_3_Grupo_3_2024.elf 
arm-none-eabi-objdump -h -S App_1_3_Grupo_3_2024.elf  > "App_1_3_Grupo_3_2024.list"
   text	   data	    bss	    dec	    hex	filename
   7828	     12	   3452	  11292	   2c1c	App_1_3_Grupo_3_2024.elf
Finished building: default.size.stdout
 
Finished building: App_1_3_Grupo_3_2024.list
 
13:55:43 **** Incremental Build of configuration Release for project App_1_3_Grupo_3_2024 ****
make -j4 all 
arm-none-eabi-size  App_1_3_Grupo_3_2024.elf 
   text	   data	    bss	    dec	    hex	filename
   7828	     12	   3452	  11292	   2c1c	App_1_3_Grupo_3_2024.elf
Finished building: default.size.stdout
 
13:55:45 **** Incremental Build of configuration Release for project App_1_3_Grupo_3_2024 ****
make -j4 all 
arm-none-eabi-size  App_1_3_Grupo_3_2024.elf 
   text	   data	    bss	    dec	    hex	filename
   7828	     12	   3452	  11292	   2c1c	App_1_3_Grupo_3_2024.elf
Finished building: default.size.stdout
 
